verify_generic: C = [1, 1, 1, -421, -3157], det 1020
  L, p, q, D, E: coefficients in Z[X,Y] of degrees 2, 2, 2, 4, 4 in T                  ok
  the 14 line discriminants are squares in K[T]; all 17 sections satisfy the equation identically ok
  the sections are integral (deg x <= 4, deg y <= 6); deg a_i <= 2i                    ok
  Delta_K has degree 24 (leading coefficient nonzero in K)                             ok
  at P0 = [-949/100, -5331/1000]: Delta(P0) = Delta_K(P0) is squarefree of degree 24 (mod 1009), so disc_T Delta_K != 0 ok
  Gram matrix at P0: det 1020, group [1020], no norm-2 vectors, no even overlattice    ok
  branch polynomials disc_T(c4^3 - z Delta) at P0 and [126187/1521, 41164096/59319] differ mod 10007: not isotrivial ok
  (3) follows by specialisation (see PROOF) outside O, the zeros of disc_T Delta_K (a nonzero element of K)
      and the poles of the section coordinates, which lie over the roots of [X - 41, X - 11, X + 11, 4*X + 61, 3*X + 67, X^2 - 142*X - 2159, X^2 + 2*X + 37, X^2 + 18*X + 281, X^2 - 32*X + 1431, X^3 - 19*X^2 - 1325*X - 13257]
verify_generic: all checks passed

verify [18548202738398003947/724645016014983921, -45567065773835827472487100864/616861924310083649161969719]:
  deg a_i <= 2i: 1;  Delta of degree 24, squarefree (mod 1013): 1
  17 sections on the curve: 1, integral (deg x <= 4, deg y <= 6): 1
  Gram matrix: det 1020, discriminant group [1020], vectors of norm 2: 0, even overlattices: 0
  => K3 surface with 24 I1 fibres; the 17 sections generate its Mordell-Weil lattice (rank 17, det 1020)
verify [-1112599596625888658821/118396156930506034969, 16589899103343851196302066880888/1288268561420754820493060460797]:
  deg a_i <= 2i: 1;  Delta of degree 24, squarefree (mod 1013): 1
  17 sections on the curve: 1, integral (deg x <= 4, deg y <= 6): 1
  Gram matrix: det 1020, discriminant group [1020], vectors of norm 2: 0, even overlattices: 0
  => K3 surface with 24 I1 fibres; the 17 sections generate its Mordell-Weil lattice (rank 17, det 1020)
verify [-92639768536448129331/6267501970633214809, -50693760715744782615689831908/15690678316298707564341497123]:
  deg a_i <= 2i: 1;  Delta of degree 24, squarefree (mod 1013): 1
  17 sections on the curve: 1, integral (deg x <= 4, deg y <= 6): 1
  Gram matrix: det 1020, discriminant group [1020], vectors of norm 2: 0, even overlattices: 0
  => K3 surface with 24 I1 fibres; the 17 sections generate its Mordell-Weil lattice (rank 17, det 1020)
verify [232559237278391978969/470341842513343441, 3467982291397119192580525694892/322567363260649310873342489]:
  deg a_i <= 2i: 1;  Delta of degree 24, squarefree (mod 1013): 1
  17 sections on the curve: 1, integral (deg x <= 4, deg y <= 6): 1
  Gram matrix: det 1020, discriminant group [1020], vectors of norm 2: 0, even overlattices: 0
  => K3 surface with 24 I1 fibres; the 17 sections generate its Mordell-Weil lattice (rank 17, det 1020)
verify [-1918531232623213/197743472012641, -19285215710532024609228/2780694212349647372689]:
  deg a_i <= 2i: 1;  Delta of degree 24, squarefree (mod 1009): 1
  17 sections on the curve: 1, integral (deg x <= 4, deg y <= 6): 1
  Gram matrix: det 1020, discriminant group [1020], vectors of norm 2: 0, even overlattices: 0
  => K3 surface with 24 I1 fibres; the 17 sections generate its Mordell-Weil lattice (rank 17, det 1020)
verify [13574637273593851/487580762475361, 788555552827202022654364/10766383447374578049391]:
  deg a_i <= 2i: 1;  Delta of degree 24, squarefree (mod 1009): 1
  17 sections on the curve: 1, integral (deg x <= 4, deg y <= 6): 1
  Gram matrix: det 1020, discriminant group [1020], vectors of norm 2: 0, even overlattices: 0
  => K3 surface with 24 I1 fibres; the 17 sections generate its Mordell-Weil lattice (rank 17, det 1020)
verify [9574783635485801/34709996127361, -964671173456903947690314/204494601674273751359]:
  deg a_i <= 2i: 1;  Delta of degree 24, squarefree (mod 1009): 1
  17 sections on the curve: 1, integral (deg x <= 4, deg y <= 6): 1
  Gram matrix: det 1020, discriminant group [1020], vectors of norm 2: 0, even overlattices: 0
  => K3 surface with 24 I1 fibres; the 17 sections generate its Mordell-Weil lattice (rank 17, det 1020)
verify [-2591819297179211/179628641358721, 47264062546630858040022/2407483823157381084481]:
  deg a_i <= 2i: 1;  Delta of degree 24, squarefree (mod 1009): 1
  17 sections on the curve: 1, integral (deg x <= 4, deg y <= 6): 1
  Gram matrix: det 1020, discriminant group [1020], vectors of norm 2: 0, even overlattices: 0
  => K3 surface with 24 I1 fibres; the 17 sections generate its Mordell-Weil lattice (rank 17, det 1020)
verify [45425809521/452838400, 9035203477723879/9636401152000]:
  deg a_i <= 2i: 1;  Delta of degree 24, squarefree (mod 1013): 1
  17 sections on the curve: 1, integral (deg x <= 4, deg y <= 6): 1
  Gram matrix: det 1020, discriminant group [1020], vectors of norm 2: 0, even overlattices: 0
  => K3 surface with 24 I1 fibres; the 17 sections generate its Mordell-Weil lattice (rank 17, det 1020)
verify [-2759200582381/209326380484, -1110951636076582383/95771424251800648]:
  deg a_i <= 2i: 1;  Delta of degree 24, squarefree (mod 1013): 1
  17 sections on the curve: 1, integral (deg x <= 4, deg y <= 6): 1
  Gram matrix: det 1020, discriminant group [1020], vectors of norm 2: 0, even overlattices: 0
  => K3 surface with 24 I1 fibres; the 17 sections generate its Mordell-Weil lattice (rank 17, det 1020)
verify [-536079876089/49501355121, 236301729224400676/11013506999516169]:
  deg a_i <= 2i: 1;  Delta of degree 24, squarefree (mod 1013): 1
  17 sections on the curve: 1, integral (deg x <= 4, deg y <= 6): 1
  Gram matrix: det 1020, discriminant group [1020], vectors of norm 2: 0, even overlattices: 0
  => K3 surface with 24 I1 fibres; the 17 sections generate its Mordell-Weil lattice (rank 17, det 1020)
verify [1359516306983/35010526321, -1456160513289519252/6550854590448631]:
  deg a_i <= 2i: 1;  Delta of degree 24, squarefree (mod 1013): 1
  17 sections on the curve: 1, integral (deg x <= 4, deg y <= 6): 1
  Gram matrix: det 1020, discriminant group [1020], vectors of norm 2: 0, even overlattices: 0
  => K3 surface with 24 I1 fibres; the 17 sections generate its Mordell-Weil lattice (rank 17, det 1020)
verify [-202974733/13315201, 404983135896/48587168449]:
  deg a_i <= 2i: 1;  Delta of degree 24, squarefree (mod 1009): 1
  17 sections on the curve: 1, integral (deg x <= 4, deg y <= 6): 1
  Gram matrix: det 1020, discriminant group [1020], vectors of norm 2: 0, even overlattices: 0
  => K3 surface with 24 I1 fibres; the 17 sections generate its Mordell-Weil lattice (rank 17, det 1020)
verify [1414183771/36481, -53317186492416/6967871]:
  deg a_i <= 2i: 1;  Delta of degree 24, squarefree (mod 1009): 1
  17 sections on the curve: 1, integral (deg x <= 4, deg y <= 6): 1
  Gram matrix: det 1020, discriminant group [1020], vectors of norm 2: 0, even overlattices: 0
  => K3 surface with 24 I1 fibres; the 17 sections generate its Mordell-Weil lattice (rank 17, det 1020)
verify [478699721/20784481, -548790108684/94756448879]:
  deg a_i <= 2i: 1;  Delta of degree 24, squarefree (mod 1009): 1
  17 sections on the curve: 1, integral (deg x <= 4, deg y <= 6): 1
  Gram matrix: det 1020, discriminant group [1020], vectors of norm 2: 0, even overlattices: 0
  => K3 surface with 24 I1 fibres; the 17 sections generate its Mordell-Weil lattice (rank 17, det 1020)
verify [-127379051/14145121, 158919991988/53199800081]:
  deg a_i <= 2i: 1;  Delta of degree 24, squarefree (mod 1009): 1
  17 sections on the curve: 1, integral (deg x <= 4, deg y <= 6): 1
  Gram matrix: det 1020, discriminant group [1020], vectors of norm 2: 0, even overlattices: 0
  => K3 surface with 24 I1 fibres; the 17 sections generate its Mordell-Weil lattice (rank 17, det 1020)
verify [126187/1521, -46144708/59319]:
  deg a_i <= 2i: 1;  Delta of degree 24, squarefree (mod 1009): 1
  17 sections on the curve: 1, integral (deg x <= 4, deg y <= 6): 1
  Gram matrix: det 1020, discriminant group [1020], vectors of norm 2: 0, even overlattices: 0
  => K3 surface with 24 I1 fibres; the 17 sections generate its Mordell-Weil lattice (rank 17, det 1020)
verify [-7657861/597529, 11153327268/461889917]:
  deg a_i <= 2i: 1;  Delta of degree 24, squarefree (mod 1009): 1
  17 sections on the curve: 1, integral (deg x <= 4, deg y <= 6): 1
  Gram matrix: det 1020, discriminant group [1020], vectors of norm 2: 0, even overlattices: 0
  => K3 surface with 24 I1 fibres; the 17 sections generate its Mordell-Weil lattice (rank 17, det 1020)
verify [-390771/34969, -80537438/6539203]:
  deg a_i <= 2i: 1;  Delta of degree 24, squarefree (mod 1009): 1
  17 sections on the curve: 1, integral (deg x <= 4, deg y <= 6): 1
  Gram matrix: det 1020, discriminant group [1020], vectors of norm 2: 0, even overlattices: 0
  => K3 surface with 24 I1 fibres; the 17 sections generate its Mordell-Weil lattice (rank 17, det 1020)
verify [989849/22801, 786080742/3442951]:
  deg a_i <= 2i: 1;  Delta of degree 24, squarefree (mod 1009): 1
  17 sections on the curve: 1, integral (deg x <= 4, deg y <= 6): 1
  Gram matrix: det 1020, discriminant group [1020], vectors of norm 2: 0, even overlattices: 0
  => K3 surface with 24 I1 fibres; the 17 sections generate its Mordell-Weil lattice (rank 17, det 1020)
verify [-949/100, 13821/1000]:
  deg a_i <= 2i: 1;  Delta of degree 24, squarefree (mod 1009): 1
  17 sections on the curve: 1, integral (deg x <= 4, deg y <= 6): 1
  Gram matrix: det 1020, discriminant group [1020], vectors of norm 2: 0, even overlattices: 0
  => K3 surface with 24 I1 fibres; the 17 sections generate its Mordell-Weil lattice (rank 17, det 1020)
verify [6721/256, -338441/4096]:
  deg a_i <= 2i: 1;  Delta of degree 24, squarefree (mod 1009): 1
  17 sections on the curve: 1, integral (deg x <= 4, deg y <= 6): 1
  Gram matrix: det 1020, discriminant group [1020], vectors of norm 2: 0, even overlattices: 0
  => K3 surface with 24 I1 fibres; the 17 sections generate its Mordell-Weil lattice (rank 17, det 1020)
verify [19559/49, 2667372/343]:
  deg a_i <= 2i: 1;  Delta of degree 24, squarefree (mod 1009): 1
  17 sections on the curve: 1, integral (deg x <= 4, deg y <= 6): 1
  Gram matrix: det 1020, discriminant group [1020], vectors of norm 2: 0, even overlattices: 0
  => K3 surface with 24 I1 fibres; the 17 sections generate its Mordell-Weil lattice (rank 17, det 1020)
verify [-5297/361, -29268/6859]:
  deg a_i <= 2i: 1;  Delta of degree 24, squarefree (mod 1009): 1
  17 sections on the curve: 1, integral (deg x <= 4, deg y <= 6): 1
  Gram matrix: det 1020, discriminant group [1020], vectors of norm 2: 0, even overlattices: 0
  => K3 surface with 24 I1 fibres; the 17 sections generate its Mordell-Weil lattice (rank 17, det 1020)
verify [27, 64]:
  deg a_i <= 2i: 1;  Delta of degree 24, squarefree (mod 1009): 1
  17 sections on the curve: 1, integral (deg x <= 4, deg y <= 6): 1
  Gram matrix: det 1020, discriminant group [1020], vectors of norm 2: 0, even overlattices: 0
  => K3 surface with 24 I1 fibres; the 17 sections generate its Mordell-Weil lattice (rank 17, det 1020)
verify [-1621/169, -13512/2197]:
  deg a_i <= 2i: 1;  Delta of degree 24, squarefree (mod 1009): 1
  17 sections on the curve: 1, integral (deg x <= 4, deg y <= 6): 1
  Gram matrix: det 1020, discriminant group [1020], vectors of norm 2: 0, even overlattices: 0
  => K3 surface with 24 I1 fibres; the 17 sections generate its Mordell-Weil lattice (rank 17, det 1020)
verify [-131/9, 508/27]:
  deg a_i <= 2i: 1;  Delta of degree 24, squarefree (mod 1009): 1
  17 sections on the curve: 1, integral (deg x <= 4, deg y <= 6): 1
  Gram matrix: det 1020, discriminant group [1020], vectors of norm 2: 0, even overlattices: 0
  => K3 surface with 24 I1 fibres; the 17 sections generate its Mordell-Weil lattice (rank 17, det 1020)
verify [329, -6132]:
  deg a_i <= 2i: 1;  Delta of degree 24, squarefree (mod 1009): 1
  17 sections on the curve: 1, integral (deg x <= 4, deg y <= 6): 1
  Gram matrix: det 1020, discriminant group [1020], vectors of norm 2: 0, even overlattices: 0
  => K3 surface with 24 I1 fibres; the 17 sections generate its Mordell-Weil lattice (rank 17, det 1020)
verify [-13, -12]: Delta = 0 or of degree < 24: NOT certified
verify [91, 804]: some sections are undefined at P (degenerate point): NOT certified
verify [41, -246]: some sections are undefined at P (degenerate point): NOT certified
verify [-11, 22]: some sections are undefined at P (degenerate point): NOT certified
mG + T for m = 0, t = 0: e_USER
verify [-61/4, 57/8]: some sections are undefined at P (degenerate point): NOT certified
verify [-9, 4]: some sections are undefined at P (degenerate point): NOT certified
verify [23, -12]: some sections are undefined at P (degenerate point): NOT certified
verify [-13, 24]:
  deg a_i <= 2i: 1;  Delta of degree 24, squarefree (mod 20011): 0
  17 sections on the curve: 1, integral (deg x <= 4, deg y <= 6): 1
  Gram matrix: det -10669064492, discriminant group [10669064492], vectors of norm 2: -, even overlattices: -
  => NOT certified
verify [91, -896]: some sections are undefined at P (degenerate point): NOT certified
verify [41, 204]: some sections are undefined at P (degenerate point): NOT certified
verify [-11, -12]: some sections are undefined at P (degenerate point): NOT certified
verify [27, -92]:
  deg a_i <= 2i: 1;  Delta of degree 24, squarefree (mod 1009): 1
  17 sections on the curve: 1, integral (deg x <= 4, deg y <= 6): 1
  Gram matrix: det 1020, discriminant group [1020], vectors of norm 2: 0, even overlattices: 0
  => K3 surface with 24 I1 fibres; the 17 sections generate its Mordell-Weil lattice (rank 17, det 1020)
verify [-1621/169, 32388/2197]:
  deg a_i <= 2i: 1;  Delta of degree 24, squarefree (mod 1009): 1
  17 sections on the curve: 1, integral (deg x <= 4, deg y <= 6): 1
  Gram matrix: det 1020, discriminant group [1020], vectors of norm 2: 0, even overlattices: 0
  => K3 surface with 24 I1 fibres; the 17 sections generate its Mordell-Weil lattice (rank 17, det 1020)
verify [-131/9, -142/27]:
  deg a_i <= 2i: 1;  Delta of degree 24, squarefree (mod 1009): 1
  17 sections on the curve: 1, integral (deg x <= 4, deg y <= 6): 1
  Gram matrix: det 1020, discriminant group [1020], vectors of norm 2: 0, even overlattices: 0
  => K3 surface with 24 I1 fibres; the 17 sections generate its Mordell-Weil lattice (rank 17, det 1020)
verify [329, 5802]:
  deg a_i <= 2i: 1;  Delta of degree 24, squarefree (mod 1009): 1
  17 sections on the curve: 1, integral (deg x <= 4, deg y <= 6): 1
  Gram matrix: det 1020, discriminant group [1020], vectors of norm 2: 0, even overlattices: 0
  => K3 surface with 24 I1 fibres; the 17 sections generate its Mordell-Weil lattice (rank 17, det 1020)
verify [-949/100, -5331/1000]:
  deg a_i <= 2i: 1;  Delta of degree 24, squarefree (mod 1009): 1
  17 sections on the curve: 1, integral (deg x <= 4, deg y <= 6): 1
  Gram matrix: det 1020, discriminant group [1020], vectors of norm 2: 0, even overlattices: 0
  => K3 surface with 24 I1 fibres; the 17 sections generate its Mordell-Weil lattice (rank 17, det 1020)
verify [6721/256, 226809/4096]:
  deg a_i <= 2i: 1;  Delta of degree 24, squarefree (mod 1009): 1
  17 sections on the curve: 1, integral (deg x <= 4, deg y <= 6): 1
  Gram matrix: det 1020, discriminant group [1020], vectors of norm 2: 0, even overlattices: 0
  => K3 surface with 24 I1 fibres; the 17 sections generate its Mordell-Weil lattice (rank 17, det 1020)
verify [19559/49, -2804628/343]:
  deg a_i <= 2i: 1;  Delta of degree 24, squarefree (mod 1009): 1
  17 sections on the curve: 1, integral (deg x <= 4, deg y <= 6): 1
  Gram matrix: det 1020, discriminant group [1020], vectors of norm 2: 0, even overlattices: 0
  => K3 surface with 24 I1 fibres; the 17 sections generate its Mordell-Weil lattice (rank 17, det 1020)
verify [-5297/361, 123052/6859]:
  deg a_i <= 2i: 1;  Delta of degree 24, squarefree (mod 1009): 1
  17 sections on the curve: 1, integral (deg x <= 4, deg y <= 6): 1
  Gram matrix: det 1020, discriminant group [1020], vectors of norm 2: 0, even overlattices: 0
  => K3 surface with 24 I1 fibres; the 17 sections generate its Mordell-Weil lattice (rank 17, det 1020)
verify [126187/1521, 41164096/59319]:
  deg a_i <= 2i: 1;  Delta of degree 24, squarefree (mod 1009): 1
  17 sections on the curve: 1, integral (deg x <= 4, deg y <= 6): 1
  Gram matrix: det 1020, discriminant group [1020], vectors of norm 2: 0, even overlattices: 0
  => K3 surface with 24 I1 fibres; the 17 sections generate its Mordell-Weil lattice (rank 17, det 1020)
verify [-7657861/597529, -5695690632/461889917]:
  deg a_i <= 2i: 1;  Delta of degree 24, squarefree (mod 1009): 1
  17 sections on the curve: 1, integral (deg x <= 4, deg y <= 6): 1
  Gram matrix: det 1020, discriminant group [1020], vectors of norm 2: 0, even overlattices: 0
  => K3 surface with 24 I1 fibres; the 17 sections generate its Mordell-Weil lattice (rank 17, det 1020)
verify [-390771/34969, 147072412/6539203]:
  deg a_i <= 2i: 1;  Delta of degree 24, squarefree (mod 1009): 1
  17 sections on the curve: 1, integral (deg x <= 4, deg y <= 6): 1
  Gram matrix: det 1020, discriminant group [1020], vectors of norm 2: 0, even overlattices: 0
  => K3 surface with 24 I1 fibres; the 17 sections generate its Mordell-Weil lattice (rank 17, det 1020)
verify [989849/22801, -938990892/3442951]:
  deg a_i <= 2i: 1;  Delta of degree 24, squarefree (mod 1009): 1
  17 sections on the curve: 1, integral (deg x <= 4, deg y <= 6): 1
  Gram matrix: det 1020, discriminant group [1020], vectors of norm 2: 0, even overlattices: 0
  => K3 surface with 24 I1 fibres; the 17 sections generate its Mordell-Weil lattice (rank 17, det 1020)
verify [-202974733/13315201, 287084496372/48587168449]:
  deg a_i <= 2i: 1;  Delta of degree 24, squarefree (mod 1009): 1
  17 sections on the curve: 1, integral (deg x <= 4, deg y <= 6): 1
  Gram matrix: det 1020, discriminant group [1020], vectors of norm 2: 0, even overlattices: 0
  => K3 surface with 24 I1 fibres; the 17 sections generate its Mordell-Weil lattice (rank 17, det 1020)
verify [1414183771/36481, 53047070424284/6967871]:
  deg a_i <= 2i: 1;  Delta of degree 24, squarefree (mod 1009): 1
  17 sections on the curve: 1, integral (deg x <= 4, deg y <= 6): 1
  Gram matrix: det 1020, discriminant group [1020], vectors of norm 2: 0, even overlattices: 0
  => K3 surface with 24 I1 fibres; the 17 sections generate its Mordell-Weil lattice (rank 17, det 1020)
verify [478699721/20784481, -1728358368234/94756448879]:
  deg a_i <= 2i: 1;  Delta of degree 24, squarefree (mod 1009): 1
  17 sections on the curve: 1, integral (deg x <= 4, deg y <= 6): 1
  Gram matrix: det 1020, discriminant group [1020], vectors of norm 2: 0, even overlattices: 0
  => K3 surface with 24 I1 fibres; the 17 sections generate its Mordell-Weil lattice (rank 17, det 1020)
verify [-127379051/14145121, 266952818742/53199800081]:
  deg a_i <= 2i: 1;  Delta of degree 24, squarefree (mod 1009): 1
  17 sections on the curve: 1, integral (deg x <= 4, deg y <= 6): 1
  Gram matrix: det 1020, discriminant group [1020], vectors of norm 2: 0, even overlattices: 0
  => K3 surface with 24 I1 fibres; the 17 sections generate its Mordell-Weil lattice (rank 17, det 1020)
verify [45425809521/452838400, -10011501105482759/9636401152000]:
  deg a_i <= 2i: 1;  Delta of degree 24, squarefree (mod 1013): 1
  17 sections on the curve: 1, integral (deg x <= 4, deg y <= 6): 1
  Gram matrix: det 1020, discriminant group [1020], vectors of norm 2: 0, even overlattices: 0
  => K3 surface with 24 I1 fibres; the 17 sections generate its Mordell-Weil lattice (rank 17, det 1020)
verify [-2759200582381/209326380484, 2277575180676901617/95771424251800648]:
  deg a_i <= 2i: 1;  Delta of degree 24, squarefree (mod 1013): 1
  17 sections on the curve: 1, integral (deg x <= 4, deg y <= 6): 1
  Gram matrix: det 1020, discriminant group [1020], vectors of norm 2: 0, even overlattices: 0
  => K3 surface with 24 I1 fibres; the 17 sections generate its Mordell-Weil lattice (rank 17, det 1020)
verify [-536079876089/49501355121, -128043360672751324/11013506999516169]:
  deg a_i <= 2i: 1;  Delta of degree 24, squarefree (mod 1013): 1
  17 sections on the curve: 1, integral (deg x <= 4, deg y <= 6): 1
  Gram matrix: det 1020, discriminant group [1020], vectors of norm 2: 0, even overlattices: 0
  => K3 surface with 24 I1 fibres; the 17 sections generate its Mordell-Weil lattice (rank 17, det 1020)
verify [1359516306983/35010526321, 1195229202983174508/6550854590448631]:
  deg a_i <= 2i: 1;  Delta of degree 24, squarefree (mod 1013): 1
  17 sections on the curve: 1, integral (deg x <= 4, deg y <= 6): 1
  Gram matrix: det 1020, discriminant group [1020], vectors of norm 2: 0, even overlattices: 0
  => K3 surface with 24 I1 fibres; the 17 sections generate its Mordell-Weil lattice (rank 17, det 1020)
verify [-1918531232623213/197743472012641, 43483155181859006837016/2780694212349647372689]:
  deg a_i <= 2i: 1;  Delta of degree 24, squarefree (mod 1009): 1
  17 sections on the curve: 1, integral (deg x <= 4, deg y <= 6): 1
  Gram matrix: det 1020, discriminant group [1020], vectors of norm 2: 0, even overlattices: 0
  => K3 surface with 24 I1 fibres; the 17 sections generate its Mordell-Weil lattice (rank 17, det 1020)
verify [13574637273593851/487580762475361, -1099066637654012624814336/10766383447374578049391]:
  deg a_i <= 2i: 1;  Delta of degree 24, squarefree (mod 1009): 1
  17 sections on the curve: 1, integral (deg x <= 4, deg y <= 6): 1
  Gram matrix: det 1020, discriminant group [1020], vectors of norm 2: 0, even overlattices: 0
  => K3 surface with 24 I1 fibres; the 17 sections generate its Mordell-Weil lattice (rank 17, det 1020)
verify [9574783635485801/34709996127361, 908056659145876003117236/204494601674273751359]:
  deg a_i <= 2i: 1;  Delta of degree 24, squarefree (mod 1009): 1
  17 sections on the curve: 1, integral (deg x <= 4, deg y <= 6): 1
  Gram matrix: det 1020, discriminant group [1020], vectors of norm 2: 0, even overlattices: 0
  => K3 surface with 24 I1 fibres; the 17 sections generate its Mordell-Weil lattice (rank 17, det 1020)
verify [-2591819297179211/179628641358721, -14934530138366735765132/2407483823157381084481]:
  deg a_i <= 2i: 1;  Delta of degree 24, squarefree (mod 1009): 1
  17 sections on the curve: 1, integral (deg x <= 4, deg y <= 6): 1
  Gram matrix: det 1020, discriminant group [1020], vectors of norm 2: 0, even overlattices: 0
  => K3 surface with 24 I1 fibres; the 17 sections generate its Mordell-Weil lattice (rank 17, det 1020)
verify [18548202738398003947/724645016014983921, 29160845224494961467476599612/616861924310083649161969719]:
  deg a_i <= 2i: 1;  Delta of degree 24, squarefree (mod 1013): 1
  17 sections on the curve: 1, integral (deg x <= 4, deg y <= 6): 1
  Gram matrix: det 1020, discriminant group [1020], vectors of norm 2: 0, even overlattices: 0
  => K3 surface with 24 I1 fibres; the 17 sections generate its Mordell-Weil lattice (rank 17, det 1020)
verify [-1112599596625888658821/118396156930506034969, -5771971661934436089205005541212/1288268561420754820493060460797]:
  deg a_i <= 2i: 1;  Delta of degree 24, squarefree (mod 1013): 1
  17 sections on the curve: 1, integral (deg x <= 4, deg y <= 6): 1
  Gram matrix: det 1020, discriminant group [1020], vectors of norm 2: 0, even overlattices: 0
  => K3 surface with 24 I1 fibres; the 17 sections generate its Mordell-Weil lattice (rank 17, det 1020)
verify [-92639768536448129331/6267501970633214809, 266926552740999161503497318242/15690678316298707564341497123]:
  deg a_i <= 2i: 1;  Delta of degree 24, squarefree (mod 1013): 1
  17 sections on the curve: 1, integral (deg x <= 4, deg y <= 6): 1
  Gram matrix: det 1020, discriminant group [1020], vectors of norm 2: 0, even overlattices: 0
  => K3 surface with 24 I1 fibres; the 17 sections generate its Mordell-Weil lattice (rank 17, det 1020)
verify [232559237278391978969/470341842513343441, -3627797409050906934503797471782/322567363260649310873342489]:
  deg a_i <= 2i: 1;  Delta of degree 24, squarefree (mod 1013): 1
  17 sections on the curve: 1, integral (deg x <= 4, deg y <= 6): 1
  Gram matrix: det 1020, discriminant group [1020], vectors of norm 2: 0, even overlattices: 0
  => K3 surface with 24 I1 fibres; the 17 sections generate its Mordell-Weil lattice (rank 17, det 1020)

not certified [m, t]: [[-1, 0], [-1, 1], [-1, 2], [-1, 3], [0, 0], [0, 1], [0, 2], [0, 3], [1, 0], [1, 1], [1, 2], [1, 3]]
check: verify_generic passed
